// Jest Snapshot v1, https://goo.gl/fbAQLP

exports[`<Home /> matches saved snapshot 1`] = `
<div>
  Home
</div>
`;
