// Jest Snapshot v1, https://goo.gl/fbAQLP

exports[`<Routes /> matches saved snapshot 1`] = `
<App>
  <Route
    component={[Function]}
    exact={true}
    path="/"
  />
  <Route
    component={[Function]}
    exact={true}
    path="/login"
  />
</App>
`;
